MAP
  # the following two lines tell MapServer to write debugging output to a log file.  Remove the '#' from the beginning
  # of the two lines below to enable this logging:
  #CONFIG "MS_ERRORFILE" "../var/log/landat.log"
  #DEBUG 5

  # all temp files get prefixed with this string
  NAME ms_nfwf

  #jdm:added to accomodate map layers
  #see http://trac.osgeo.org/mapserver/ticket/3055
  MAXSIZE 3072

  # background color of image if transparency
  # is not requested
  IMAGECOLOR 255 255 255

  # default output image dimensions
  SIZE 600 400

  # always returns a map
  STATUS ON

  # set top level projection
  PROJECTION
    "init=epsg:3857"
  END

  # image format options
  OUTPUTFORMAT
    NAME "PNG"
    DRIVER "GDAL/PNG"
    MIMETYPE "image/png"
    IMAGEMODE "RGB"
    EXTENSION "png"
  END

  # minx miny maxx maxy
  EXTENT    -124.733174 24.543940 -66.950005 49.384359 # US

  # # add def pointers for symbols
  SYMBOLSET symbolset.txt
  # FONTSET   "./fonts/fonts.list"

  # Start of web interface definition
  WEB

    IMAGEPATH '/tmp/'
    IMAGEURL '/tmp/'

    HEADER "./templates/query_header.html"
    FOOTER "./templates/query_footer.html"
    TEMPLATE 'http://someurl/somescript.cgi?mapext=[mapext]'

    METADATA
      "ows_enable_request"     "*"
      "wms_title"              "NEMAC NFWF WMS"
      "wms_abstract"           "NEMAC NFWF WMS"
      "wms_onlineresource"     "http://gis.nemac.org/nfwf"
      "wms_srs"                "EPSG:3785 EPSG:4326 EPSG:900913 EPSG:102003 EPSG:3857"
      "wms_feature_info_mime_type" "text/plain"
      "wms_feature_info_mime_type" "text/html"
    END
  END

  # set defaults for GetLegendGraphic requests
  LEGEND
    KEYSIZE 30 20
    STATUS on
  END

  LAYER
    NAME "GL_AssetsIndexTiles"
    PROJECTION
      "proj=aea"
      "lat_0=37.5"
      "lon_0=-96"
      "lat_1=29.5"
      "lat_2=45.5"
      "x_0=0"
      "y_0=0"
      "datum=NAD83"
      "units=m"
      "no_defs"
    END
      TYPE     RASTER
      DUMP     TRUE
      STATUS   OFF
      DATA     "/tiledata/source/GL_Asset_Index_CREST_20230504.tif"
      HEADER   ./templates/layer_query_header.html
      TEMPLATE ./templates/layer_query_body.html

      CLASS
        EXPRESSION ([pixel] = 1)
        STYLE
          COLOR 182 237 240
        END
      END
      CLASS
        EXPRESSION ([pixel] = 2)
        STYLE
          COLOR 152 210 237
        END
      END
      CLASS
        EXPRESSION ([pixel] = 3)
        STYLE
          COLOR 124 187 235
        END
      END
      CLASS
        EXPRESSION ([pixel] = 4)
        STYLE
          COLOR 92 163 230
        END
      END
      CLASS
        EXPRESSION ([pixel] = 5)
        STYLE
          COLOR 54 141 227
        END
      END
      CLASS
        EXPRESSION ([pixel] = 6)
        STYLE
          COLOR 33 118 217
        END
      END
      CLASS
        EXPRESSION ([pixel] = 7)
        STYLE
          COLOR 34 89 199
        END
      END
      CLASS
        EXPRESSION ([pixel] = 8)
        STYLE
          COLOR 29 62 181
        END
      END
      CLASS
        EXPRESSION ([pixel] = 9)
        STYLE
          COLOR 23 39 163
        END
      END
      CLASS
        EXPRESSION ([pixel] = 10)
        STYLE
          COLOR 9 9 145
        END
      END

    #INCLUDE "cmaps/gapnat.cmap"
    METADATA
      "wms_title"             "GL_AssetsIndexTiles"
      "wms_abstract"          "GL_AssetsIndexTiles"
      "gml_include_items"     "value_0"
    END  # end METADATA
  END # end LAYER


  LAYER
    NAME "GL_CombinedWildlifeIndexTiles"
    PROJECTION
      "proj=aea"
      "lat_0=37.5"
      "lon_0=-96"
      "lat_1=29.5"
      "lat_2=45.5"
      "x_0=0"
      "y_0=0"
      "datum=NAD83"
      "units=m"
      "no_defs"
    END
      TYPE     RASTER
      DUMP     TRUE
      STATUS   OFF
      DATA     "/tiledata/source/GL_Fish_and_Wildlife_Index_CREST_20230504.tif"
      HEADER   ./templates/layer_query_header.html
      TEMPLATE ./templates/layer_query_body.html

      CLASS
        EXPRESSION ([pixel] = 1)
        STYLE
          COLOR 238 231 248
        END
      END
      CLASS
        EXPRESSION ([pixel] = 2)
        STYLE
          COLOR 233 187 203
        END
      END
      CLASS
        EXPRESSION ([pixel] = 3)
        STYLE
          COLOR 219 144 166
        END
      END
      CLASS
        EXPRESSION ([pixel] = 4)
        STYLE
          COLOR 210 124 153
        END
      END
      CLASS
        EXPRESSION ([pixel] = 5)
        STYLE
          COLOR 183 82 138
        END
      END
      CLASS
        EXPRESSION ([pixel] = 6)
        STYLE
          COLOR 126 51 168
        END
      END

    #INCLUDE "cmaps/gapnat.cmap"
    METADATA
      "wms_title"             "GL_CombinedWildlifeIndexTiles"
      "wms_abstract"          "GL_CombinedWildlifeIndexTiles"
      "gml_include_items"     "value_0"
    END  # end METADATA
  END # end LAYER

  LAYER
    NAME "GL_CriticalFacilitiesIndexTiles"
    PROJECTION
      "proj=aea"
      "lat_0=37.5"
      "lon_0=-96"
      "lat_1=29.5"
      "lat_2=45.5"
      "x_0=0"
      "y_0=0"
      "datum=NAD83"
      "units=m"
      "no_defs"
    END

      TYPE     RASTER
      DUMP     TRUE
      STATUS   OFF
      DATA     "/tiledata/source/GL_Critical_Facilities_CREST_20230504.tif"
      HEADER   ./templates/layer_query_header.html
      TEMPLATE ./templates/layer_query_body.html

      CLASS
        EXPRESSION ([pixel] = 5)
        STYLE
          COLOR 0 132 168 #
        END
      END

    #INCLUDE "cmaps/gapnat.cmap"
    METADATA
      "wms_title"             "GL_CriticalFacilitiesIndexTiles"
      "wms_abstract"          "GL_CriticalFacilitiesIndexTiles"
      "gml_include_items"     "value_0"
    END  # end METADATA
  END # end LAYER

  LAYER
    NAME "GL_CriticalInfrastructureIndexTiles"
    PROJECTION
      "proj=aea"
      "lat_0=37.5"
      "lon_0=-96"
      "lat_1=29.5"
      "lat_2=45.5"
      "x_0=0"
      "y_0=0"
      "datum=NAD83"
      "units=m"
      "no_defs"
    END
      TYPE     RASTER
      DUMP     TRUE
      STATUS   OFF
      DATA     "/tiledata/source/GL_Critical_Infrastructure_CREST_20230504.tif"
      HEADER   ./templates/layer_query_header.html
      TEMPLATE ./templates/layer_query_body.html

      CLASS
        EXPRESSION ([pixel] = 1)
        STYLE
          COLOR 204 209 210
        END
      END
      CLASS
        EXPRESSION ([pixel] = 3)
        STYLE
          COLOR 204 209 210
        END
      END
      CLASS
        EXPRESSION ([pixel] = 5)
        STYLE
          COLOR 53 92 89
        END
      END
      CLASS
        EXPRESSION ([pixel] = 8)
        STYLE
          COLOR 232 177 109
        END
      END
      CLASS
        EXPRESSION ([pixel] = 10)
        STYLE
          COLOR 173 53 65
        END
      END
      CLASS
        EXPRESSION ([pixel] = 15)
        STYLE
          COLOR 123 23 51
        END
      END

    #INCLUDE "cmaps/gapnat.cmap"
    METADATA
      "wms_title"             "GL_CriticalInfrastructureIndexTiles"
      "wms_abstract"          "GL_CriticalInfrastructureIndexTiles"
      "gml_include_items"     "value_0"
    END  # end METADATA
  END # end LAYER

  LAYER
    NAME "GL_ExposureIndexTiles"
    PROJECTION
      "proj=aea"
      "lat_0=37.5"
      "lon_0=-96"
      "lat_1=29.5"
      "lat_2=45.5"
      "x_0=0"
      "y_0=0"
      "datum=NAD83"
      "units=m"
      "no_defs"
    END
      TYPE     RASTER
      DUMP     TRUE
      STATUS   OFF
      DATA     "/tiledata/source/GL_Community_Exposure_Index_CREST_20230504.tif"
      HEADER   ./templates/layer_query_header.html
      TEMPLATE ./templates/layer_query_body.html
    CLASS
      EXPRESSION ""
      COLOR 255 255 255
    END #end class
    CLASS

      EXPRESSION ([pixel] = 1)
      STYLE
        COLOR 255 255 229
      END #end style
    END #end class
    CLASS

      EXPRESSION ([pixel] = 2)
      STYLE
        COLOR 255 248 193
      END #end style
    END #end class
    CLASS

      EXPRESSION ([pixel] = 3)
      STYLE
        COLOR 254 231 155
      END #end style
    END #end class
    CLASS

      EXPRESSION ([pixel] = 4)
      STYLE
        COLOR 254 206 101
      END #end style
    END #end class
    CLASS

      EXPRESSION ([pixel] = 5)
      STYLE
        COLOR 254 172 58
      END #end style
    END #end class
    CLASS

      EXPRESSION ([pixel] = 6)
      STYLE
        COLOR 246 135 32
      END #end style
    END #end class
    CLASS

      EXPRESSION ([pixel] = 7)
      STYLE
        COLOR 225 100 14
      END #end style
    END #end class
    CLASS

      EXPRESSION ([pixel] = 8)
      STYLE
        COLOR 193 71 2
      END #end style
    END #end class
    CLASS

      EXPRESSION ([pixel] = 9)
      STYLE
        COLOR 147 50 4
      END #end style
    END #end class
    CLASS

      EXPRESSION ([pixel] = 10)
      STYLE
        COLOR 102 37 6
      END #end style
    END #end class

    #INCLUDE "cmaps/gapnat.cmap"
    METADATA
      "wms_title"             "GL_ExposureIndexTiles"
      "wms_abstract"          "GL_ExposureIndexTiles"
      "gml_include_items"     "value_0"
    END  # end METADATA
  END # end LAYER

  LAYER
    NAME "GL_ErosionIndexTiles"
    PROJECTION
      "proj=aea"
      "lat_0=37.5"
      "lon_0=-96"
      "lat_1=29.5"
      "lat_2=45.5"
      "x_0=0"
      "y_0=0"
      "datum=NAD83"
      "units=m"
      "no_defs"
    END
      TYPE     RASTER
      DUMP     TRUE
      STATUS   OFF
      DATA     "/tiledata/source/GL_Soil_Erodibility_CREST_20230504.tif"
      HEADER   ./templates/layer_query_header.html
      TEMPLATE ./templates/layer_query_body.html

      CLASS
        EXPRESSION ([pixel] = 1)
        STYLE
          COLOR 254 235 162
        END
      END
      CLASS
        EXPRESSION ([pixel] = 2)
        STYLE
          COLOR 254 187 71
        END
      END
      CLASS
        EXPRESSION ([pixel] = 3)
        STYLE
          COLOR 240 120 24
        END
      END
      CLASS
        EXPRESSION ([pixel] = 4)
        STYLE
          COLOR 184 66 3
        END
      END
      CLASS
        EXPRESSION ([pixel] = 5)
        STYLE
          COLOR 102 37 6
        END
      END

    #INCLUDE "cmaps/gapnat.cmap"
    METADATA
      "wms_title"             "GL_ErosionIndexTiles"
      "wms_abstract"          "GL_ErosionIndexTiles"
      "gml_include_items"     "value_0"
    END  # end METADATA
  END # end LAYER

  LAYER
    NAME "GL_FloodProneAreasIndexTiles"
    PROJECTION
      "proj=aea"
      "lat_0=37.5"
      "lon_0=-96"
      "lat_1=29.5"
      "lat_2=45.5"
      "x_0=0"
      "y_0=0"
      "datum=NAD83"
      "units=m"
      "no_defs"
    END
      TYPE     RASTER
      DUMP     TRUE
      STATUS   OFF
      DATA     "/tiledata/source/GL_Flood_Prone_Areas_CREST_20230504.tif"
      HEADER   ./templates/layer_query_header.html
      TEMPLATE ./templates/layer_query_body.html

      CLASS
        EXPRESSION ([pixel] = 1)
        STYLE
          COLOR 226 226 239
        END
      END
      CLASS
        EXPRESSION ([pixel] = 2)
        STYLE
          COLOR 182 182 216
        END
      END
      CLASS
        EXPRESSION ([pixel] = 3)
        STYLE
          COLOR 134 131 189
        END
      END
      CLASS
        EXPRESSION ([pixel] = 4)
        STYLE
          COLOR 97 64 155
        END
      END
      CLASS
        EXPRESSION ([pixel] = 5)
        STYLE
          COLOR 63 0 125
        END
      END

    #INCLUDE "cmaps/gapnat.cmap"
    METADATA
      "wms_title"             "GL_FloodProneAreasIndexTiles"
      "wms_abstract"          "GL_FloodProneAreasIndexTiles"
      "gml_include_items"     "value_0"
    END  # end METADATA
  END # end LAYER

  LAYER
    NAME "GL_DraingeIndexTiles"
    PROJECTION
      "proj=aea"
      "lat_0=37.5"
      "lon_0=-96"
      "lat_1=29.5"
      "lat_2=45.5"
      "x_0=0"
      "y_0=0"
      "datum=NAD83"
      "units=m"
      "no_defs"
    END
      TYPE     RASTER
      DUMP     TRUE
      STATUS   OFF
      DATA     "/tiledata/source/GL_Impermeability_CREST_20230504.tif"
      HEADER   ./templates/layer_query_header.html
      TEMPLATE ./templates/layer_query_body.html

    CLASS
      EXPRESSION ([pixel] = 1)
      STYLE
        COLOR 233 221 102
      END
    END
    CLASS
      EXPRESSION ([pixel] = 2)
      STYLE
        COLOR 203 186 6
      END
    END
    CLASS
      EXPRESSION ([pixel] = 3)
      STYLE
        COLOR 161 148 0
      END
    END
    CLASS
      EXPRESSION ([pixel] = 4)
      STYLE
        COLOR 120 109 0
      END
    END
    CLASS
      EXPRESSION ([pixel] = 5)
      STYLE
        COLOR 77 71 0
      END
    END

    #INCLUDE "cmaps/gapnat.cmap"
    METADATA
      "wms_title"             "GL_DraingeIndexTiles"
      "wms_abstract"          "GL_DraingeIndexTiles"
      "gml_include_items"     "value_0"
    END  # end METADATA
  END # end LAYER

  LAYER
    NAME "GL_SlopeIndexTiles"
    PROJECTION
      "proj=aea"
      "lat_0=37.5"
      "lon_0=-96"
      "lat_1=29.5"
      "lat_2=45.5"
      "x_0=0"
      "y_0=0"
      "datum=NAD83"
      "units=m"
      "no_defs"
    END
      TYPE     RASTER
      DUMP     TRUE
      STATUS   OFF
      DATA     "/tiledata/source/GL_Areas_of_Low_Slope_CREST_20230504.tif"
      HEADER   ./templates/layer_query_header.html
      TEMPLATE ./templates/layer_query_body.html

      CLASS
        EXPRESSION ([pixel] = 1)
        STYLE
          COLOR 211 238 205
        END
      END
      CLASS
        EXPRESSION ([pixel] = 2)
        STYLE
          COLOR 152 213 148
        END
      END
      CLASS
        EXPRESSION ([pixel] = 3)
        STYLE
          COLOR 75 176 98
        END
      END
      CLASS
        EXPRESSION ([pixel] = 4)
        STYLE
          COLOR 21 127 59
        END
      END
      CLASS
        EXPRESSION ([pixel] = 5)
        STYLE
          COLOR 0 68 27
        END
      END

    #INCLUDE "cmaps/gapnat.cmap"
    METADATA
      "wms_title"             "GL_SlopeIndexTiles"
      "wms_abstract"          "GL_SlopeIndexTiles"
      "gml_include_items"     "value_0"
    END  # end METADATA
  END # end LAYER


    LAYER
    NAME "GL_MaxWaterLevelIndexTiles"
    PROJECTION
      "proj=aea"
      "lat_0=37.5"
      "lon_0=-96"
      "lat_1=29.5"
      "lat_2=45.5"
      "x_0=0"
      "y_0=0"
      "datum=NAD83"
      "units=m"
      "no_defs"
    END
      TYPE     RASTER
      DUMP     TRUE
      STATUS   OFF
      DATA     "/tiledata/source/GL_High_Water_Levels_CREST_20230504.tif"
      HEADER   ./templates/layer_query_header.html
      TEMPLATE ./templates/layer_query_body.html

      CLASS
        EXPRESSION ([pixel] = 1)
        STYLE
          COLOR 219 216 234
        END
      END
      CLASS
        EXPRESSION ([pixel] = 2)
        STYLE
          COLOR 153 185 217
        END
      END
      CLASS
        EXPRESSION ([pixel] = 3)
        STYLE
          COLOR 64 149 195
        END
      END
      CLASS
        EXPRESSION ([pixel] = 4)
        STYLE
          COLOR 2 121 118
        END
      END
      CLASS
        EXPRESSION ([pixel] = 5)
        STYLE
          COLOR 1 70 54
        END
      END

    #INCLUDE "cmaps/gapnat.cmap"
    METADATA
      "wms_title"             "GL_MaxWaterLevelIndexTiles"
      "wms_abstract"          "GL_MaxWaterLevelIndexTiles"
      "gml_include_items"     "value_0"
    END  # end METADATA
  END # end LAYER


  LAYER
    NAME "GL_PopDensityIndexTiles"
    PROJECTION
      "proj=aea"
      "lat_0=37.5"
      "lon_0=-96"
      "lat_1=29.5"
      "lat_2=45.5"
      "x_0=0"
      "y_0=0"
      "datum=NAD83"
      "units=m"
      "no_defs"
    END
      TYPE     RASTER
      DUMP     TRUE
      STATUS   OFF
      DATA     "/tiledata/source/GL_Population_Density_CREST_20230504.tif"
      HEADER   ./templates/layer_query_header.html
      TEMPLATE ./templates/layer_query_body.html

      CLASS
        EXPRESSION ([pixel] = 1)
        STYLE
          COLOR 255 246 208
        END
      END
      CLASS
        EXPRESSION ([pixel] = 2)
        STYLE
          COLOR 239 193 51
        END
      END
      CLASS
        EXPRESSION ([pixel] = 3)
        STYLE
          COLOR 158 172 55
        END
      END
      CLASS
        EXPRESSION ([pixel] = 4)
        STYLE
          COLOR 44 141 122
        END
      END
      CLASS
        EXPRESSION ([pixel] = 5)
        STYLE
          COLOR 56 90 76
        END
      END

    #INCLUDE "cmaps/gapnat.cmap"
    METADATA
      "wms_title"             "GL_PopDensityIndexTiles"
      "wms_abstract"          "GL_PopDensityIndexTiles"
      "gml_include_items"     "value_0"
    END  # end METADATA
  END # end LAYER

  LAYER
    NAME "GL_AquaticIndexTiles"
    PROJECTION
      "proj=aea"
      "lat_0=37.5"
      "lon_0=-96"
      "lat_1=29.5"
      "lat_2=45.5"
      "x_0=0"
      "y_0=0"
      "datum=NAD83"
      "units=m"
      "no_defs"
    END
      TYPE     RASTER
      DUMP     TRUE
      STATUS   OFF
      DATA     "/tiledata/source/GL_Aquatic_Index_CREST_20230504.tif"
      HEADER   ./templates/layer_query_header.html
      TEMPLATE ./templates/layer_query_body.html

      CLASS
        EXPRESSION ([pixel] = 1)
        STYLE
          COLOR 255 247 251
        END
      END
      CLASS
        EXPRESSION ([pixel] = 2)
        STYLE
          COLOR 236 231 242
        END
      END
      CLASS
        EXPRESSION ([pixel] = 3)
        STYLE
          COLOR 208 209 230
        END
      END
      CLASS
        EXPRESSION ([pixel] = 4)
        STYLE
          COLOR 166 189 219
        END
      END
      CLASS
        EXPRESSION ([pixel] = 5)
        STYLE
          COLOR 116 169 207
        END
      END
      CLASS
        EXPRESSION ([pixel] = 6)
        STYLE
          COLOR 54 144 192
        END
      END
      CLASS
        EXPRESSION ([pixel] = 7)
        STYLE
          COLOR 5 112 176
        END
      END
      CLASS
        EXPRESSION ([pixel] = 8)
        STYLE
          COLOR 4 90 141
        END
      END
      CLASS
        EXPRESSION ([pixel] = 9)
        STYLE
          COLOR 2 56 88
        END
      END
      CLASS
        EXPRESSION ([pixel] = 10)
        STYLE
          COLOR 1 23 44
        END
      END

    #INCLUDE "cmaps/gapnat.cmap"
    METADATA
      "wms_title"             "GL_AquaticIndexTiles"
      "wms_abstract"          "GL_AquaticIndexTiles"
      "gml_include_items"     "value_0"
    END  # end METADATA
  END # end LAYER

  LAYER
    NAME "GL_SocVulnIndexTiles"
    PROJECTION
        "proj=aea"
        "lat_0=37.5"
        "lon_0=-96"
        "lat_1=29.5"
        "lat_2=45.5"
        "x_0=0"
        "y_0=0"
        "datum=NAD83"
        "units=m"
        "no_defs"
    END
      TYPE     RASTER
      DUMP     TRUE
      STATUS   OFF
      DATA     "/tiledata/source/GL_Social_Vulnerability_CREST_20230504.tif"
      HEADER   ./templates/layer_query_header.html
      TEMPLATE ./templates/layer_query_body.html

      CLASS
        EXPRESSION ([pixel] = 1)
        STYLE
          COLOR 158 187 215
        END
      END
      CLASS
        EXPRESSION ([pixel] = 2)
        STYLE
          COLOR 122 142 245
        END
      END
      CLASS
        EXPRESSION ([pixel] = 3)
        STYLE
          COLOR 67 48 157
        END
      END
      CLASS
        EXPRESSION ([pixel] = 4)
        STYLE
          COLOR 50 22 153
        END
      END
      CLASS
        EXPRESSION ([pixel] = 5)
        STYLE
          COLOR 39 11 89
        END
      END


    #INCLUDE "cmaps/gapnat.cmap"
    METADATA
      "wms_title"             "GL_SocVulnIndexTiles"
      "wms_abstract"          "GL_SocVulnIndexTiles"
      "gml_include_items"     "value_0"
    END  # end METADATA
  END # end LAYER

  LAYER
    NAME "GL_WaveDrivenFloodingIndexTiles"
    PROJECTION
    	"proj=poly"
    	"lat_0=13.47246635277778"
    	"lon_0=144.7487507055556"
    	"x_0=50000"
    	"y_0=50000"
    	"datum=NAD83"
    	"units=m"
    	"no_defs"
    END
      TYPE     RASTER
      DUMP     TRUE
      STATUS   OFF
      DATA     "/tiledata/source/GL_WaveDrivenFlooding_shift_v1.tif"
      HEADER   ./templates/layer_query_header.html
      TEMPLATE ./templates/layer_query_body.html

      CLASS
        EXPRESSION ([pixel] = 1)
        STYLE
          COLOR 255 255 204
        END
      END
      CLASS
        EXPRESSION ([pixel] = 2)
        STYLE
          COLOR 161 218 180
        END
      END
      CLASS
        EXPRESSION ([pixel] = 3)
        STYLE
          COLOR 65 182 196
        END
      END
      CLASS
        EXPRESSION ([pixel] = 4)
        STYLE
          COLOR 34 94 168
        END
      END

    #INCLUDE "cmaps/gapnat.cmap"
    METADATA
      "wms_title"             "GL_WaveDrivenFloodingIndexTiles"
      "wms_abstract"          "GL_WaveDrivenFloodingIndexTiles"
      "gml_include_items"     "value_0"
    END  # end METADATA
  END # end LAYER

  LAYER
    NAME "GL_TerrestrialIndexTiles"
    PROJECTION
      "proj=aea"
      "lat_0=37.5"
      "lon_0=-96"
      "lat_1=29.5"
      "lat_2=45.5"
      "x_0=0"
      "y_0=0"
      "datum=NAD83"
      "units=m"
      "no_defs"
    END
      TYPE     RASTER
      DUMP     TRUE
      STATUS   OFF
      DATA     "/tiledata/source/GL_Terrestrial_index_4class_v3.tif"
      HEADER   ./templates/layer_query_header.html
      TEMPLATE ./templates/layer_query_body.html

      CLASS
        EXPRESSION ([pixel] = 1)
        STYLE
          COLOR 255 255 229
        END
      END
      CLASS
        EXPRESSION ([pixel] = 2)
        STYLE
          COLOR 241 231 181
        END
      END
      CLASS
        EXPRESSION ([pixel] = 3)
        STYLE
          COLOR 227 206 132
        END
      END
      CLASS
        EXPRESSION ([pixel] = 4)
        STYLE
          COLOR 186 176 101
        END
      END
      CLASS
        EXPRESSION ([pixel] = 5)
        STYLE
          COLOR 136 143 76
        END
      END #end class
      CLASS
        EXPRESSION ([pixel] = 6)
        STYLE
          COLOR 87 111 51
        END #end style
      END #end class
      CLASS
        EXPRESSION ([pixel] = 7)
        STYLE
          COLOR 50 89 31
        END #end style
      END #end class
      CLASS
        EXPRESSION ([pixel] = 8)
        STYLE
          COLOR 33 84 21
        END #end style
      END #end class
      CLASS
        EXPRESSION ([pixel] = 9)
        STYLE
          COLOR 17 78 10
        END #end style
      END #end class
      CLASS
        EXPRESSION ([pixel] = 10)
        STYLE
          COLOR 0 73 0
        END #end style
      END #end class

    #INCLUDE "cmaps/gapnat.cmap"
    METADATA
      "wms_title"             "GL_TerrestrialIndexTiles"
      "wms_abstract"          "GL_TerrestrialIndexTiles"
      "gml_include_items"     "value_0"
    END  # end METADATA
  END # end LAYER

  LAYER
    NAME "GL_ThreatsIndexTiles"
    PROJECTION
      "proj=aea"
      "lat_0=37.5"
      "lon_0=-96"
      "lat_1=29.5"
      "lat_2=45.5"
      "x_0=0"
      "y_0=0"
      "datum=NAD83"
      "units=m"
      "no_defs"
    END
      TYPE     RASTER
      DUMP     TRUE
      STATUS   OFF
      DATA     "/tiledata/source/GL_Threat_Index_CREST_20230504.tif"
      HEADER   ./templates/layer_query_header.html
      TEMPLATE ./templates/layer_query_body.html

      CLASS
        EXPRESSION ([pixel] = 1)
        STYLE
          COLOR 255 235 214
        END
      END
      CLASS
        EXPRESSION ([pixel] = 2)
        STYLE
          COLOR 247 215 188
        END
      END
      CLASS
        EXPRESSION ([pixel] = 3)
        STYLE
          COLOR 240 192 161
        END
      END
      CLASS
        EXPRESSION ([pixel] = 4)
        STYLE
          COLOR 235 169 136
        END
      END
      CLASS
        EXPRESSION ([pixel] = 5)
        STYLE
          COLOR 227 144 111
        END
      END
      CLASS
        EXPRESSION ([pixel] = 6)
        STYLE
          COLOR 222 119 91
        END
      END
      CLASS
        EXPRESSION ([pixel] = 7)
        STYLE
          COLOR 214 93 69
        END
      END
      CLASS
        EXPRESSION ([pixel] = 8)
        STYLE
          COLOR 209 64 48
        END
      END
      CLASS
        EXPRESSION ([pixel] = 9)
        STYLE
          COLOR 201 37 28
        END
      END
      CLASS
        EXPRESSION ([pixel] = 10)
        STYLE
          COLOR 196 10 10
        END
      END

    #INCLUDE "cmaps/gapnat.cmap"
    METADATA
      "wms_title"             "GL_ThreatsIndexTiles"
      "wms_abstract"          "GL_ThreatsIndexTiles"
      "gml_include_items"     "value_0"
    END  # end METADATA
  END # end LAYER

    LAYER
      NAME "GL_HubsIndexTiles"
      PROJECTION
        "proj=merc"
        "a=6378137"
        "b=6378137"
        "lat_ts=0.0"
        "lon_0=0.0"
        "x_0=0.0"
        "y_0=0"
        "k=1.0"
        "units=m"
        "nadgrids=@null"
        "wktext +no_defs"
      END
      TYPE     POLYGON
      DUMP     TRUE
      STATUS   OFF
      DATA     "/tiledata/source/gl_hubs_cores_052323_CREST_3857.shp"
      CLASSITEM 'rank_val'
      HEADER   ./templates/layer_query_header.html
      TEMPLATE ./templates/layer_query_body.html
      CLASS
        NAME "Low"
        EXPRESSION "1"
        STYLE
          COLOR 255 197 0
        END #end style
      END #end class
      CLASS
        NAME ""
        EXPRESSION "2"
        STYLE
          COLOR 249 181 0
        END #end style
      END #end class
      CLASS
        NAME ""
        EXPRESSION "3"
        STYLE
          COLOR 243 164 0
        END #end style
      END #end class
      CLASS
        NAME ""
        EXPRESSION "4"
        STYLE
          COLOR 237 148 0
        END #end style
      END #end class
      CLASS
        NAME ""
        EXPRESSION "5"
        STYLE
          COLOR 231 131 0
        END #end style
      END #end class
      CLASS
        NAME ""
        EXPRESSION "6"
        STYLE
          COLOR 224 112 0
        END #end style
      END #end class
      CLASS
        NAME "High"
        EXPRESSION "7"
        STYLE
          COLOR 217 94 0
        END #end style
      END #end class
      CLASS
        NAME ""
        EXPRESSION "8"
        STYLE
          COLOR 209 76 0
        END #end style
      END #end class
      CLASS
        NAME ""
        EXPRESSION "9"
        STYLE
          COLOR 202 54 0
        END #end style
      END #end class
      CLASS
        NAME ""
        EXPRESSION "10"
        STYLE
          COLOR 194 21 0
        END #end style
      END #end class

      #INCLUDE "cmaps/gapnat.cmap"
      METADATA
        "wms_title"             "GL_HubsIndexTiles"
        "wms_abstract"          "GL_HubsIndexTiles"
        "gml_include_items"     "value_0"
      END  # end METADATA
    END # end LAYER

    LAYER
      NAME "GL_HubsHexIndexTiles"
      PROJECTION
        "proj=merc"
        "a=6378137"
        "b=6378137"
        "lat_ts=0.0"
        "lon_0=0.0"
        "x_0=0.0"
        "y_0=0"
        "k=1.0"
        "units=m"
        "nadgrids=@null"
        "wktext +no_defs"
      END
      TYPE     POLYGON
      DUMP     TRUE
      STATUS   OFF
      DATA     /tiledata/source/gl_hubs_hex_052323_CREST_3857_dissolve.shp
      CLASSITEM 'rank_val'
      HEADER   ./templates/layer_query_header.html
      TEMPLATE ./templates/layer_query_body.html
      CLASS
        NAME "Low"
        EXPRESSION "1"
        STYLE
          COLOR 255 197 0
        END #end style
      END #end class
      CLASS
        NAME ""
        EXPRESSION "2"
        STYLE
          COLOR 249 181 0
        END #end style
      END #end class
      CLASS
        NAME ""
        EXPRESSION "3"
        STYLE
          COLOR 243 164 0
        END #end style
      END #end class
      CLASS
        NAME ""
        EXPRESSION "4"
        STYLE
          COLOR 237 148 0
        END #end style
      END #end class
      CLASS
        NAME ""
        EXPRESSION "5"
        STYLE
          COLOR 231 131 0
        END #end style
      END #end class
      CLASS
        NAME ""
        EXPRESSION "6"
        STYLE
          COLOR 224 112 0
        END #end style
      END #end class
      CLASS
        NAME "High"
        EXPRESSION "7"
        STYLE
          COLOR 217 94 0
        END #end style
      END #end class
      CLASS
        NAME ""
        EXPRESSION "8"
        STYLE
          COLOR 209 76 0
        END #end style
      END #end class
      CLASS
        NAME ""
        EXPRESSION "9"
        STYLE
          COLOR 202 54 0
        END #end style
      END #end class
      CLASS
        NAME ""
        EXPRESSION "10"
        STYLE
          COLOR 194 21 0
        END #end style
      END #end class

      #INCLUDE "cmaps/gapnat.cmap"
      METADATA
        "wms_title"             "GL_HubsHexIndexTiles"
        "wms_abstract"          "GL_HubsHexIndexTiles"
        "gml_include_items"     "value_0"
      END  # end METADATA
    END # end LAYER


END # end MAP
