MAP
  # the following two lines tell MapServer to write debugging output to a log file.  Remove the '#' from the beginning
  # of the two lines below to enable this logging:
  #CONFIG "MS_ERRORFILE" "../var/log/landat.log"
  #DEBUG 5

  # all temp files get prefixed with this string
  NAME ms_nfwf

  #jdm:added to accomodate map layers
  #see http://trac.osgeo.org/mapserver/ticket/3055
  MAXSIZE 3072

  # background color of image if transparency
  # is not requested
  IMAGECOLOR 255 255 255

  # default output image dimensions
  SIZE 600 400

  # always returns a map
  STATUS ON

  # set top level projection
  PROJECTION
    "init=epsg:3857"
  END

  # image format options
  OUTPUTFORMAT
    NAME "PNG"
    DRIVER "GDAL/PNG"
    MIMETYPE "image/png"
    IMAGEMODE "RGB"
    EXTENSION "png"
  END

  # minx miny maxx maxy
  EXTENT    -124.733174 24.543940 -66.950005 49.384359 # US

  # # add def pointers for symbols
  SYMBOLSET symbolset.txt
  # FONTSET   "./fonts/fonts.list"

  # Start of web interface definition
  WEB

    IMAGEPATH '/tmp/'
    IMAGEURL '/tmp/'

    HEADER "./templates/query_header.html"
    FOOTER "./templates/query_footer.html"
    TEMPLATE 'http://someurl/somescript.cgi?mapext=[mapext]'

    METADATA
      "ows_enable_request"     "*"
      "wms_title"              "NEMAC NFWF WMS"
      "wms_abstract"           "NEMAC NFWF WMS"
      "wms_onlineresource"     "http://gis.nemac.org/nfwf"
      "wms_srs"                "EPSG:3785 EPSG:4326 EPSG:900913 EPSG:102003 EPSG:3857"
      "wms_feature_info_mime_type" "text/plain"
      "wms_feature_info_mime_type" "text/html"
    END
  END

  # set defaults for GetLegendGraphic requests
  LEGEND
    KEYSIZE 30 20
    STATUS on
  END

  LAYER
    NAME "HubsIndexTiles"
    PROJECTION
      "proj=aea"
      "lat_1=29.5"
      "lat_2=45.5"
      "lat_0=37.5"
      "lon_0=-96"
      "x_0=0"
      "y_0=0"
      "ellps=GRS80"
      "datum=NAD83"
      "units=m"
      "no_defs"
    END
    TYPE     RASTER
    DUMP     TRUE
    STATUS   OFF
    DATA     /tiledata/source/nfwf_hubs.tif
    HEADER   ./templates/layer_query_header.html
    TEMPLATE ./templates/layer_query_body.html
    CLASS
      NAME "Hubs"
      EXPRESSION ""
      COLOR 255 255 255
    END #end class
    CLASS
      NAME "Low"
      EXPRESSION ([pixel] = 1)
      STYLE
        COLOR 237 248 233
      END #end style
    END #end class
    CLASS
      NAME ""
      EXPRESSION ([pixel] = 2)
      STYLE
        COLOR 197 221 202
      END #end style
    END #end class
    CLASS
      NAME ""
      EXPRESSION ([pixel] = 3)
      STYLE
        COLOR 158 195 172
      END #end style
    END #end class
    CLASS
      NAME ""
      EXPRESSION ([pixel] = 4)
      STYLE
        COLOR 118 169 141
      END #end style
    END #end class
    CLASS
      NAME ""
      EXPRESSION ([pixel] = 5)
      STYLE
        COLOR 79 142 111
      END #end style
    END #end class
    CLASS
      NAME ""
      EXPRESSION ([pixel] = 6)
      STYLE
        COLOR 39 116 80
      END #end style
    END #end class
    CLASS
      NAME "High"
      EXPRESSION ([pixel] = 7)
      STYLE
        COLOR 0 90 50
      END #end style
    END #end class
    #INCLUDE "cmaps/gapnat.cmap"
    METADATA
      "wms_title"             "HUBsTiles"
      "wms_abstract"          "HUBsTiles"
      "gml_include_items"     "value_0"
    END  # end METADATA
  END # end LAYER

  LAYER
    NAME "ExposureIndexTiles"
    PROJECTION
      "proj=aea"
      "lat_1=29.5"
      "lat_2=45.5"
      "lat_0=37.5"
      "lon_0=-96"
      "x_0=0"
      "y_0=0"
      "datum=NAD83"
      "units=m"
      "no_defs"
    END
      TYPE     RASTER
      DUMP     TRUE
      STATUS   OFF
      DATA     "/tiledata/source/CONUS_ExposureIndex_10class_111918.tif"
      HEADER   ./templates/layer_query_header.html
      TEMPLATE ./templates/layer_query_body.html
    CLASS
      NAME "Exposure Index for tileing"
      EXPRESSION ""
      COLOR 255 255 255
    END #end class
    CLASS
      NAME "Low"
      EXPRESSION ([pixel] = 1)
      STYLE
        COLOR 31 110 110
      END #end style
    END #end class
    CLASS
      NAME ""
      EXPRESSION ([pixel] = 2)
      STYLE
        COLOR 61 130 130
      END #end style
    END #end class
    CLASS
      NAME ""
      EXPRESSION ([pixel] = 3)
      STYLE
        COLOR 125 173 156
      END #end style
    END #end class
    CLASS
      NAME ""
      EXPRESSION ([pixel] = 4)
      STYLE
        COLOR 183 212 178
      END #end style
    END #end class
    CLASS
      NAME ""
      EXPRESSION ([pixel] = 5)
      STYLE
        COLOR 233 242 187
      END #end style
    END #end class
    CLASS
      NAME ""
      EXPRESSION ([pixel] = 6)
      STYLE
        COLOR 245 233 169
      END #end style
    END #end class
    CLASS
      NAME ""
      EXPRESSION ([pixel] = 7)
      STYLE
        COLOR 219 186 122
      END #end style
    END #end class
    CLASS
      NAME ""
      EXPRESSION ([pixel] = 8)
      STYLE
        COLOR 176 128 66
      END #end style
    END #end class
    CLASS
      NAME ""
      EXPRESSION ([pixel] = 9)
      STYLE
        COLOR 148 87 28
      END #end style
    END #end class
    CLASS
      NAME "High"
      EXPRESSION ([pixel] = 10)
      STYLE
        COLOR 99 51 25
      END #end style
    END #end class

    #INCLUDE "cmaps/gapnat.cmap"
    METADATA
      "wms_title"             "ExposureIndexTiles"
      "wms_abstract"          "ExposureIndexTiles"
      "gml_include_items"     "value_0"
    END  # end METADATA
  END # end LAYER

  LAYER
    NAME AssetsIndexTiles
    PROJECTION
      "proj=aea"
      "lat_1=29.5"
      "lat_2=45.5"
      "lat_0=37.5"
      "lon_0=-96"
      "x_0=0"
      "y_0=0"
      "ellps=GRS80"
      "datum=NAD83"
      "units=m"
      "no_defs"
    END
    TYPE     RASTER
    STATUS   OFF
    DATA     "/tiledata/source/CONUS_AssetIndex_10class_111918.tif"
    HEADER   ./templates/layer_query_header.html
    TEMPLATE ./templates/layer_query_body.html

    CLASS
      EXPRESSION ([pixel] = 1)
      NAME "Low"
      STYLE
        COLOR 182 237 240
      END
    END
    CLASS
      EXPRESSION ([pixel] = 2)
      NAME ""
      STYLE
        COLOR 152 210 237
      END
    END
    CLASS
      EXPRESSION ([pixel] = 3)
      NAME ""
      STYLE
        COLOR 124 187 235
      END
    END
    CLASS
      EXPRESSION ([pixel] = 4)
      NAME ""
      STYLE
        COLOR 92 163 230
      END
    END
    CLASS
      EXPRESSION ([pixel] = 5)
      NAME ""
      STYLE
        COLOR 54 141 227
      END
    END
    CLASS
      EXPRESSION ([pixel] = 6)
      NAME ""
      STYLE
        COLOR 33 118 217
      END
    END
    CLASS
      EXPRESSION ([pixel] = 7)
      NAME ""
      STYLE
        COLOR 34 89 199
      END
    END
    CLASS
      EXPRESSION ([pixel] = 8)
      NAME ""
      STYLE
        COLOR 29 62 181
      END
    END
    CLASS
      EXPRESSION ([pixel] = 9)
      NAME ""
      STYLE
        COLOR 23 39 163
      END
    END
    CLASS
      EXPRESSION ([pixel] = 10)
      NAME "High"
      STYLE
        COLOR 9 9 145
      END
    END

    #INCLUDE "cmaps/gapnat.cmap"
    METADATA
      "wms_title"             "AssetsIndexTiles"
      "wms_abstract"          "AssetsIndexTiles"
      "gml_include_items"     "value_0"
    END  # end METADATA
  END # end LAYER

  LAYER
    NAME ThreatsIndexTiles
    PROJECTION
      "proj=aea"
      "lat_1=29.5"
      "lat_2=45.5"
      "lat_0=37.5"
      "lon_0=-96"
      "x_0=0"
      "y_0=0"
      "ellps=GRS80"
      "datum=NAD83"
      "units=m"
      "no_defs"
    END
    TYPE     RASTER
    STATUS   OFF
    DUMP     TRUE
    DATA     /tiledata/source/CONUS_ThreatIndex_10class_111918.tif
    HEADER   ./templates/layer_query_header.html
    TEMPLATE ./templates/layer_query_body.html

    CLASS
      EXPRESSION ([pixel] = 1)
      NAME "Low"
      STYLE
        COLOR 255 235 214
      END
    END
    CLASS
      EXPRESSION ([pixel] = 2)
      NAME "Low"
      STYLE
        COLOR 247 215 188
      END
    END
    CLASS
      EXPRESSION ([pixel] = 3)
      NAME "Low"
      STYLE
        COLOR 240 192 161
      END
    END
    CLASS
      EXPRESSION ([pixel] = 4)
      NAME "Low"
      STYLE
        COLOR 235 169 136
      END
    END
    CLASS
      EXPRESSION ([pixel] = 5)
      NAME "Low"
      STYLE
        COLOR 227 144 111
      END
    END
    CLASS
      EXPRESSION ([pixel] = 6)
      NAME "Low"
      STYLE
        COLOR 222 119 91
      END
    END
    CLASS
      EXPRESSION ([pixel] = 7)
      NAME "Low"
      STYLE
        COLOR 214 93 69
      END
    END
    CLASS
      EXPRESSION ([pixel] = 8)
      NAME "Medium"
      STYLE
        COLOR 209 64 48
      END
    END
    CLASS
      EXPRESSION ([pixel] = 9)
      NAME "Medium"
      STYLE
        COLOR 201 37 28
      END
    END
    CLASS
      EXPRESSION ([pixel] = 10)
      NAME "Medium"
      STYLE
        COLOR 196 10 10
      END
    END

    #INCLUDE "cmaps/gapnat.cmap"
    METADATA
      "wms_title"             "ThreatsIndexTiles"
      "wms_abstract"          "ThreatsIndexTiles"
      "gml_include_items"     "value_0"
    END  # end METADATA
  END # end LAYER

  LAYER
    NAME AquaticIndexTiles
    PROJECTION
      "proj=aea"
      "lat_1=29.5"
      "lat_2=45.5"
      "lat_0=37.5"
      "lon_0=-96"
      "x_0=0"
      "y_0=0"
      "ellps=GRS80"
      "datum=NAD83"
      "units=m"
      "no_defs"
    END
    TYPE     RASTER
    DUMP     TRUE
    STATUS   OFF
    DATA     /tiledata/source/CONUS_AquaticIndex_clip_111218.tif
    HEADER   ./templates/layer_query_header.html
    TEMPLATE ./templates/layer_query_body.html

    CLASS
      NAME "Low"
      EXPRESSION ([pixel] = 1)
      STYLE
        COLOR 205 225 232
      END #STYLE
    END #end class
    CLASS
      NAME ""
      EXPRESSION ([pixel] = 2)
      STYLE
        COLOR 130 188 209
      END #STYLE
    END #end class
    CLASS
      NAME ""
      EXPRESSION ([pixel] = 3)
      STYLE
        COLOR 94 165 187
      END #STYLE
    END #end class
    CLASS
      NAME ""
      EXPRESSION ([pixel] = 4)
      STYLE
        COLOR 0 126 145
      END #STYLE
    END #end class
    CLASS
      NAME "High"
      EXPRESSION ([pixel] = 5)
      STYLE
        COLOR 0 90 98
      END #STYLE
    END #end class
    #INCLUDE "cmaps/gapnat.cmap"
    METADATA
      "wms_title"             "Aquatic Index"
      "wms_abstract"          "Aquatic Index"
      "gml_include_items"     "value_0"
    END  # end METADATA
  END # end LAYER
  LAYER
    NAME TerrestrialIndexTiles
    PROJECTION
      "proj=aea"
      "lat_1=29.5"
      "lat_2=45.5"
      "lat_0=37.5"
      "lon_0=-96"
      "x_0=0"
      "y_0=0"
      "ellps=GRS80"
      "datum=NAD83"
      "units=m"
      "no_defs"
    END
    TYPE     RASTER
    DUMP     TRUE
    STATUS   OFF
    DATA     /tiledata/source/CONUS_TerrestrialIndex_clip_111218.tif
    HEADER   ./templates/layer_query_header.html
    TEMPLATE ./templates/layer_query_body.html

    CLASS
      NAME "Low"
      EXPRESSION ([pixel] = 1)
      STYLE
        COLOR 255 233 196
      END #STYLE
    END #end class
    CLASS
      NAME ""
      EXPRESSION ([pixel] = 2)
      STYLE
        COLOR 223 200 120
      END #STYLE
    END #end class
    CLASS
      NAME ""
      EXPRESSION ([pixel] = 3)
      STYLE
        COLOR 118 152 78
      END #STYLE
    END #end class
    CLASS
      NAME ""
      EXPRESSION ([pixel] = 4)
      STYLE
        COLOR 56 91 35
      END #STYLE
    END #end class
    CLASS
      NAME "High"
      EXPRESSION ([pixel] = 5)
      STYLE
        COLOR 0 73 0
      END #STYLE
    END #end class
    #INCLUDE "cmaps/gapnat.cmap"
    METADATA
      "wms_title"             "Terrestrial Index"
      "wms_abstract"          "Terrestrial Index"
      "gml_include_items"     "value_0"
    END  # end METADATA
  END # end LAYER

  LAYER
    NAME CriticalInfrastructureIndexTiles
    PROJECTION
      "proj=aea"
      "lat_1=29.5"
      "lat_2=45.5"
      "lat_0=37.5"
      "lon_0=-96"
      "x_0=0"
      "y_0=0"
      "ellps=GRS80"
      "datum=NAD83"
      "units=m"
      "no_defs"
    END
    TYPE     RASTER
    STATUS   OFF
    DATA     /tiledata/source/CONUS_CritInfra_shift_111518.tif
    HEADER   ./templates/layer_query_header.html
    TEMPLATE ./templates/layer_query_body.html

    CLASS
      EXPRESSION ([pixel] = 1)
      NAME "Low"
      STYLE
        COLOR 204 209 210
      END
    END
    CLASS
      EXPRESSION ([pixel] = 2)
      NAME ""
      STYLE
        COLOR 53 92 89
      END
    END
    CLASS
      EXPRESSION ([pixel] = 3)
      NAME ""
      STYLE
        COLOR 232 177 109
      END
    END
    CLASS
      EXPRESSION ([pixel] = 4)
      NAME ""
      STYLE
        COLOR 177 90 60
      END
    END
    CLASS
      EXPRESSION ([pixel] = 5)
      NAME "High"
      STYLE
        COLOR 173 53 65
      END
    END
    CLASS
      EXPRESSION ([pixel] = 6)
      NAME "High"
      STYLE
        COLOR 123 23 51
      END
    END

    #INCLUDE "cmaps/gapnat.cmap"
    METADATA
      "wms_title"             "nfwf_criticalinfrastructure"
      "wms_abstract"          "nfwf_criticalinfrastructure"
      "gml_include_items"     "value_0"
    END  # end METADATA
  END # end LAYER



  LAYER
    NAME CriticalFacilitiesIndexTiles
    PROJECTION
      "proj=aea"
      "lat_1=29.5"
      "lat_2=45.5"
      "lat_0=37.5"
      "lon_0=-96"
      "x_0=0"
      "y_0=0"
      "ellps=GRS80"
      "datum=NAD83"
      "units=m"
      "no_defs"
    END
    TYPE     RASTER
    STATUS   OFF
    DATA     /tiledata/source/CONUS_CritFac_shift_111918.tif
    HEADER   ./templates/layer_query_header.html
    TEMPLATE ./templates/layer_query_body.html

    CLASS
      EXPRESSION ([pixel] = 5)
      NAME "High"
      STYLE
        COLOR 0 132 168
      END
    END

    #INCLUDE "cmaps/gapnat.cmap"
    METADATA
      "wms_title"             "nfwf_criticalfacilities"
      "wms_abstract"          "nfwf_criticalfacilities"
      "gml_include_items"     "value_0"
    END  # end METADATA
  END # end LAYER

  LAYER
    NAME PopDensityIndexTiles
    #9
    PROJECTION
      "proj=aea"
      "lat_1=29.5"
      "lat_2=45.5"
      "lat_0=37.5"
      "lon_0=-96"
      "x_0=0"
      "y_0=0"
      "ellps=GRS80"
      "datum=NAD83"
      "units=m"
      "no_defs"
    END
    TYPE     RASTER
    STATUS   OFF
    DATA     /tiledata/source/CONUS_Population_shift_110718.tif
    HEADER   ./templates/layer_query_header.html
    TEMPLATE ./templates/layer_query_body.html

    CLASS
      EXPRESSION ([pixel] = 1)
      NAME "Low"
      STYLE
        COLOR 255 246 208
      END
    END
    CLASS
      EXPRESSION ([pixel] = 2)
      NAME ""
      STYLE
        COLOR 239 193 51
      END
    END
    CLASS
      EXPRESSION ([pixel] = 3)
      NAME ""
      STYLE
        COLOR 158 172 55
      END
    END
    CLASS
      EXPRESSION ([pixel] = 4)
      NAME ""
      STYLE
        COLOR 44 141 122
      END
    END
    CLASS
      EXPRESSION ([pixel] = 5)
      NAME "High"
      STYLE
        COLOR 56 90 76
      END
    END

    #INCLUDE "cmaps/gapnat.cmap"
    METADATA
      "wms_title"             "PopDensity"
      "wms_abstract"          "PopDensity"
      "gml_include_items"     "value_0"
    END  # end METADATA
  END # end LAYER

  LAYER
    NAME SocVulnIndexTiles
    PROJECTION
      "proj=aea"
      "lat_1=29.5"
      "lat_2=45.5"
      "lat_0=37.5"
      "lon_0=-96"
      "x_0=0"
      "y_0=0"
      "ellps=GRS80"
      "datum=NAD83"
      "units=m"
      "no_defs"
    END
    TYPE     RASTER
    STATUS   OFF
    DATA     /tiledata/source/CONUS_SocVul_shift_110718.tif
    HEADER   ./templates/layer_query_header.html
    TEMPLATE ./templates/layer_query_body.html

    CLASS
      EXPRESSION ([pixel] = 1)
      NAME "Low"
      STYLE
        COLOR 171 210 250
      END
    END
    CLASS
      EXPRESSION ([pixel] = 2)
      NAME "Medium"
      STYLE
        COLOR 118 146 255
      END
    END
    CLASS
      EXPRESSION ([pixel] = 3)
      NAME "Medium"
      STYLE
        COLOR 58 20 89
      END
    END

    #INCLUDE "cmaps/gapnat.cmap"
    METADATA
      "wms_title"             "SocVuln"
      "wms_abstract"          "SocVuln"
      "gml_include_items"     "value_0"
    END  # end METADATA
  END # end LAYER

  LAYER
    NAME DraingeIndexTiles
    PROJECTION
      "proj=aea"
      "lat_1=29.5"
      "lat_2=45.5"
      "lat_0=37.5"
      "lon_0=-96"
      "x_0=0"
      "y_0=0"
      "ellps=GRS80"
      "datum=NAD83"
      "units=m"
      "no_defs"
    END
    TYPE     RASTER
    STATUS   OFF
    DATA     /tiledata/source/CONUS_DrainDev_shift_111418.tif
    HEADER   ./templates/layer_query_header.html
    TEMPLATE ./templates/layer_query_body.html

    CLASS
      EXPRESSION ([pixel] = 1)
      NAME "Low"
      STYLE
        COLOR 68 118 4
      END
    END
    CLASS
      EXPRESSION ([pixel] = 2)
      NAME "Medium"
      STYLE
        COLOR 119 214 111
      END
    END
    CLASS
      EXPRESSION ([pixel] = 3)
      NAME "Medium"
      STYLE
        COLOR 220 233 242
      END
    END
    CLASS
      EXPRESSION ([pixel] = 4)
      NAME "High"
      STYLE
        COLOR 117 91 105
      END
    END
    CLASS
      EXPRESSION ([pixel] = 5)
      NAME "High"
      STYLE
        COLOR 85 53 85
      END
    END

    #INCLUDE "cmaps/gapnat.cmap"
    METADATA
      "wms_title"             "Drainge"
      "wms_abstract"          "Drainge"
      "gml_include_items"     "value_0"
    END  # end METADATA
  END # end LAYER

  LAYER
    NAME ErosionIndexTiles
    PROJECTION
      "proj=aea"
      "lat_1=29.5"
      "lat_2=45.5"
      "lat_0=37.5"
      "lon_0=-96"
      "x_0=0"
      "y_0=0"
      "ellps=GRS80"
      "datum=NAD83"
      "units=m"
      "no_defs"
    END
    TYPE     RASTER
    STATUS   OFF
    DATA     /tiledata/source/CONUS_Erosion_111418.tif
    HEADER   ./templates/layer_query_header.html
    TEMPLATE ./templates/layer_query_body.html

    CLASS
      EXPRESSION ([pixel] = 1)
      NAME "Low"
      STYLE
        COLOR 254 235 162
      END
    END
    CLASS
      EXPRESSION ([pixel] = 2)
      NAME "Medium"
      STYLE
        COLOR 254 187 71
      END
    END
    CLASS
      EXPRESSION ([pixel] = 3)
      NAME "Medium"
      STYLE
        COLOR 240 120 24
      END
    END
    CLASS
      EXPRESSION ([pixel] = 4)
      NAME "High"
      STYLE
        COLOR 184 66 3
      END
    END
    CLASS
      EXPRESSION ([pixel] = 5)
      NAME "High"
      STYLE
        COLOR 102 37 6
      END
    END

    #INCLUDE "cmaps/gapnat.cmap"
    METADATA
      "wms_title"             "Erosion"
      "wms_abstract"          "Erosion"
      "gml_include_items"     "value_0"
    END  # end METADATA
  END # end LAYER

  LAYER
    NAME FloodProneAreasIndexTiles
    PROJECTION
      "proj=aea"
      "lat_1=29.5"
      "lat_2=45.5"
      "lat_0=37.5"
      "lon_0=-96"
      "x_0=0"
      "y_0=0"
      "ellps=GRS80"
      "datum=NAD83"
      "units=m"
      "no_defs"
    END
    TYPE     RASTER
    STATUS   OFF
    DATA     /tiledata/source/CONUS_Floodprone_shift_111418.tif
    HEADER   ./templates/layer_query_header.html
    TEMPLATE ./templates/layer_query_body.html

    CLASS
      EXPRESSION ([pixel] = 1)
      NAME "Low"
      STYLE
        COLOR 226 226 239
      END
    END
    CLASS
      EXPRESSION ([pixel] = 2)
      NAME "Medium"
      STYLE
        COLOR 182 182 216
      END
    END
    CLASS
      EXPRESSION ([pixel] = 3)
      NAME "Medium"
      STYLE
        COLOR 134 131 189
      END
    END
    CLASS
      EXPRESSION ([pixel] = 4)
      NAME "High"
      STYLE
        COLOR 97 64 155
      END
    END
    CLASS
      EXPRESSION ([pixel] = 5)
      NAME "High"
      STYLE
        COLOR 63 0 125
      END
    END

    #INCLUDE "cmaps/gapnat.cmap"
    METADATA
      "wms_title"             "FloodProneAreas"
      "wms_abstract"          "FloodProneAreas"
      "gml_include_items"     "value_0"
    END  # end METADATA
  END # end LAYER

  LAYER
    NAME GeoStressIndexTiles
    PROJECTION
      "proj=aea"
      "lat_1=29.5"
      "lat_2=45.5"
      "lat_0=37.5"
      "lon_0=-96"
      "x_0=0"
      "y_0=0"
      "ellps=GRS80"
      "datum=NAD83"
      "units=m"
      "no_defs"
    END
    TYPE     RASTER
    STATUS   OFF
    DATA     /tiledata/source/CONUS_Geostress_shift_111518.tif
    HEADER   ./templates/layer_query_header.html
    TEMPLATE ./templates/layer_query_body.html

    CLASS
      EXPRESSION ([pixel] = 1)
      NAME "Low"
      STYLE
        COLOR 251 172 185
      END
    END
    CLASS
      EXPRESSION ([pixel] = 2)
      NAME "Medium"
      STYLE
        COLOR 205 35 143
      END
    END
    CLASS
      EXPRESSION ([pixel] = 3)
      NAME "Medium"
      STYLE
        COLOR 73 0 106
      END
    END

    #INCLUDE "cmaps/gapnat.cmap"
    METADATA
      "wms_title"             "GeoStress"
      "wms_abstract"          "GeoStress"
      "gml_include_items"     "value_0"
    END  # end METADATA
  END # end LAYER

  LAYER
    NAME SLRIndexTiles
    PROJECTION
      "proj=aea"
      "lat_1=29.5"
      "lat_2=45.5"
      "lat_0=37.5"
      "lon_0=-96"
      "x_0=0"
      "y_0=0"
      "ellps=GRS80"
      "datum=NAD83"
      "units=m"
      "no_defs"
    END
    TYPE     RASTER
    STATUS   OFF
    DATA     /tiledata/source/CONUS_SLR_shift_110918.tif
    HEADER   ./templates/layer_query_header.html
    TEMPLATE ./templates/layer_query_body.html

    CLASS
      EXPRESSION ([pixel] = 1)
      NAME "Low"
      STYLE
        COLOR 219 216 234
      END
    END
    CLASS
      EXPRESSION ([pixel] = 2)
      NAME ""
      STYLE
        COLOR 153 185 217
      END
    END
    CLASS
      EXPRESSION ([pixel] = 3)
      NAME ""
      STYLE
        COLOR 64 149 195
      END
    END
    CLASS
      EXPRESSION ([pixel] = 4)
      NAME ""
      STYLE
        COLOR 2 121 118
      END
    END
    CLASS
      EXPRESSION ([pixel] = 5)
      NAME "High"
      STYLE
        COLOR 1 70 54
      END
    END

    #INCLUDE "cmaps/gapnat.cmap"
    METADATA
      "wms_title"             "SLR"
      "wms_abstract"          "SLR"
      "gml_include_items"     "value_0"
    END  # end METADATA
  END # end LAYER

  LAYER
    NAME SlopeIndexTiles
    PROJECTION
      "proj=aea"
      "lat_1=29.5"
      "lat_2=45.5"
      "lat_0=37.5"
      "lon_0=-96"
      "x_0=0"
      "y_0=0"
      "ellps=GRS80"
      "datum=NAD83"
      "units=m"
      "no_defs"
    END
    TYPE     RASTER
    STATUS   OFF
    DATA     /tiledata/source/CONUS_Slope_shift_111918.tif
    HEADER   ./templates/layer_query_header.html
    TEMPLATE ./templates/layer_query_body.html

    CLASS
      EXPRESSION ([pixel] = 1)
      NAME "Low"
      STYLE
        COLOR 211 238 205
      END
    END
    CLASS
      EXPRESSION ([pixel] = 2)
      NAME ""
      STYLE
        COLOR 152 213 148
      END
    END
    CLASS
      EXPRESSION ([pixel] = 3)
      NAME ""
      STYLE
        COLOR 75 176 98
      END
    END
    CLASS
      EXPRESSION ([pixel] = 4)
      NAME ""
      STYLE
        COLOR 21 127 59
      END
    END
    CLASS
      EXPRESSION ([pixel] = 5)
      NAME "High"
      STYLE
        COLOR 0 68 27
      END
    END

    #INCLUDE "cmaps/gapnat.cmap"
    METADATA
      "wms_title"             "Slope"
      "wms_abstract"          "Slope"
      "gml_include_items"     "value_0"
    END  # end METADATA
  END # end LAYER

  LAYER
    NAME StormSurgeIndexTiles
    PROJECTION
      "proj=aea"
      "lat_1=29.5"
      "lat_2=45.5"
      "lat_0=37.5"
      "lon_0=-96"
      "x_0=0"
      "y_0=0"
      "ellps=GRS80"
      "datum=NAD83"
      "units=m"
      "no_defs"
    END
    TYPE     RASTER
    STATUS   OFF
    DATA     /tiledata/source/CONUS_StormSurge_shift_111618.tif
    HEADER   ./templates/layer_query_header.html
    TEMPLATE ./templates/layer_query_body.html

    CLASS
      EXPRESSION ([pixel] = 1)
      NAME "Low"
      STYLE
        COLOR 214 239 179
      END
    END
    CLASS
      EXPRESSION ([pixel] = 2)
      NAME ""
      STYLE
        COLOR 115 200 189
      END
    END
    CLASS
      EXPRESSION ([pixel] = 3)
      NAME ""
      STYLE
        COLOR 36 152 193
      END
    END
    CLASS
      EXPRESSION ([pixel] = 4)
      NAME ""
      STYLE
        COLOR 35 77 160
      END
    END
    CLASS
      EXPRESSION ([pixel] = 5)
      NAME "High"
      STYLE
        COLOR 8 29 88
      END
    END

    #INCLUDE "cmaps/gapnat.cmap"
    METADATA
      "wms_title"             "StormSurge"
      "wms_abstract"          "StormSurge"
      "gml_include_items"     "value_0"
    END  # end METADATA
  END # end LAYER

END # end MAP
